// Vitest Snapshot v1, https://vitest.dev/guide/snapshot.html

exports[`PlaylistsList > matches the snapshot 1`] = `
"<div class="column centerAll noMediaMessage">
  <phplaylist size="50"></phplaylist>
  <p>No playlists found.</p>
</div>"
`;

exports[`PlaylistsList > when playlists prop is not an empty array > matches the snapshot 1`] = `
"<section class="mediaListWrapper" style="--loop-rows-mobile: 1; --loop-rows-tablet: 2; --loop-rows-desktop: 2; --loop-grid-gap: 24px;">
  <article class="playlist" data-test-id="playlist"><a aria-label="Go to playlist playlist-0" class="centerItems playlistLink" draggable="false" title="Go to playlist playlist-0">
      <figure class="imageLink">
        <div class="centerAll preloadImage">
          <div class="iconImage">
            <phplaylist class="icon"></phplaylist>
          </div>
        </div>
      </figure>
      <div class="spaceBetween">
        <div>
          <h4 class="mBS">playlist-0</h4>
          <ul class="bulletList smallFont">
            <li>1 tracks</li>
            <li><time>00:01</time></li>
          </ul>
        </div>
      </div>
    </a>
    <div class="centerItems dropdownMenu dropdown"><button class="centerItems buttonLink alignRight buttonLink buttonLink" draggable="false" type="button" title="More">
        <phdotsthreevertical aria-hidden="true" class="icon" size="24" weight="regular"></phdotsthreevertical><span class="clamp text visuallyHidden">More</span>
      </button>
      <div class="dropdown fade-enter-from fade-enter-active">
        <ul>
          <li class="dropdownItem"><button class="centerItems buttonLink centerAll fullWidth spaceBetween buttonLink spaceBetween buttonLink" draggable="false" type="button">
              <!--v-if--><span class="clamp text"> Edit playlist </span>
            </button></li>
          <li class="dropdownItem"><button class="centerItems buttonLink centerAll fullWidth spaceBetween buttonLink spaceBetween buttonLink" draggable="false" type="button">
              <!--v-if--><span class="clamp text"> Delete playlist </span>
            </button></li>
        </ul>
      </div>
    </div>
  </article>
  <article class="playlist" data-test-id="playlist"><a aria-label="Go to playlist playlist-1" class="centerItems playlistLink" draggable="false" title="Go to playlist playlist-1">
      <figure class="imageLink">
        <div class="centerAll preloadImage">
          <div class="iconImage">
            <phplaylist class="icon"></phplaylist>
          </div>
        </div>
      </figure>
      <div class="spaceBetween">
        <div>
          <h4 class="mBS">playlist-1</h4>
          <ul class="bulletList smallFont">
            <li>1 tracks</li>
            <li><time>00:01</time></li>
          </ul>
        </div>
      </div>
    </a>
    <div class="centerItems dropdownMenu dropdown"><button class="centerItems buttonLink alignRight buttonLink buttonLink" draggable="false" type="button" title="More">
        <phdotsthreevertical aria-hidden="true" class="icon" size="24" weight="regular"></phdotsthreevertical><span class="clamp text visuallyHidden">More</span>
      </button>
      <!--v-if-->
    </div>
  </article>
  <article class="playlist" data-test-id="playlist"><a aria-label="Go to playlist playlist-2" class="centerItems playlistLink" draggable="false" title="Go to playlist playlist-2">
      <figure class="imageLink">
        <div class="centerAll preloadImage">
          <div class="iconImage">
            <phplaylist class="icon"></phplaylist>
          </div>
        </div>
      </figure>
      <div class="spaceBetween">
        <div>
          <h4 class="mBS">playlist-2</h4>
          <ul class="bulletList smallFont">
            <li>1 tracks</li>
            <li><time>00:01</time></li>
          </ul>
        </div>
      </div>
    </a>
    <div class="centerItems dropdownMenu dropdown"><button class="centerItems buttonLink alignRight buttonLink buttonLink" draggable="false" type="button" title="More">
        <phdotsthreevertical aria-hidden="true" class="icon" size="24" weight="regular"></phdotsthreevertical><span class="clamp text visuallyHidden">More</span>
      </button>
      <!--v-if-->
    </div>
  </article>
  <article class="playlist" data-test-id="playlist"><a aria-label="Go to playlist playlist-3" class="centerItems playlistLink" draggable="false" title="Go to playlist playlist-3">
      <figure class="imageLink">
        <div class="centerAll preloadImage">
          <div class="iconImage">
            <phplaylist class="icon"></phplaylist>
          </div>
        </div>
      </figure>
      <div class="spaceBetween">
        <div>
          <h4 class="mBS">playlist-3</h4>
          <ul class="bulletList smallFont">
            <li>1 tracks</li>
            <li><time>00:01</time></li>
          </ul>
        </div>
      </div>
    </a>
    <div class="centerItems dropdownMenu dropdown"><button class="centerItems buttonLink alignRight buttonLink buttonLink" draggable="false" type="button" title="More">
        <phdotsthreevertical aria-hidden="true" class="icon" size="24" weight="regular"></phdotsthreevertical><span class="clamp text visuallyHidden">More</span>
      </button>
      <!--v-if-->
    </div>
  </article>
  <article class="playlist" data-test-id="playlist"><a aria-label="Go to playlist playlist-4" class="centerItems playlistLink" draggable="false" title="Go to playlist playlist-4">
      <figure class="imageLink">
        <div class="centerAll preloadImage">
          <div class="iconImage">
            <phplaylist class="icon"></phplaylist>
          </div>
        </div>
      </figure>
      <div class="spaceBetween">
        <div>
          <h4 class="mBS">playlist-4</h4>
          <ul class="bulletList smallFont">
            <li>1 tracks</li>
            <li><time>00:01</time></li>
          </ul>
        </div>
      </div>
    </a>
    <div class="centerItems dropdownMenu dropdown"><button class="centerItems buttonLink alignRight buttonLink buttonLink" draggable="false" type="button" title="More">
        <phdotsthreevertical aria-hidden="true" class="icon" size="24" weight="regular"></phdotsthreevertical><span class="clamp text visuallyHidden">More</span>
      </button>
      <!--v-if-->
    </div>
  </article>
</section>"
`;
